// Jest Snapshot v1, https://goo.gl/fbAQLP

exports[`Guide matches snapshot 1`] = `
<DocumentFragment>
  <h2>
    GitHub Notes
  </h2>
  <p />
  <p />
  <p>
     
    <a
      href="/config"
    />
  </p>
</DocumentFragment>
`;
